2023-12-17 13:25:43,623 - INFO - Test the custom logger
2023-12-17 13:26:05,659 - __main__ - INFO - Test the custom logger
